// Jest Snapshot v1, https://goo.gl/fbAQLP

exports[`Pruebas en <ListField/> debe mostrarse correctamente 1`] = `
Array [
  "",
  <div
    className="MuiBox-root MuiBox-root-3  css-1f81dgw-ListContainer e1y5bfzn0"
    onContextMenu={[Function]}
  >
    <span
      className="dragger"
    >
      <svg
        aria-hidden={true}
        className="MuiSvgIcon-root MuiSvgIcon-fontSizeSmall"
        focusable="false"
        style={
          Object {
            "fill": "#9e9e9e",
          }
        }
        viewBox="0 0 24 24"
      >
        <path
          d="M20 9H4v2h16V9zM4 15h16v-2H4v2z"
        />
      </svg>
    </span>
    <div>
      <ul
        className="MuiList-root MuiList-dense MuiList-padding"
      >
        <li
          className="MuiListItem-container"
        >
          <div
            className="MuiListItem-root css-y3qveq-ElementItem e1y5bfzn2 MuiListItem-dense MuiListItem-gutters MuiListItem-secondaryAction"
            disabled={false}
          >
            <div
              className="MuiListItemText-root MuiListItemText-dense"
            >
              <span
                className="MuiTypography-root MuiListItemText-primary MuiTypography-body2 MuiTypography-displayBlock"
              >
                <div
                  className="makeStyles-item-2 css-s64paw-ElementField e1y5bfzn1"
                  contentEditable={true}
                  dangerouslySetInnerHTML={
                    Object {
                      "__html": "lista 1",
                    }
                  }
                  id={0}
                  onBlur={[Function]}
                />
              </span>
            </div>
          </div>
          <div
            className="MuiListItemSecondaryAction-root"
          >
            <button
              className="MuiButtonBase-root MuiIconButton-root MuiIconButton-sizeSmall"
              disabled={false}
              onBlur={[Function]}
              onClick={[Function]}
              onDragLeave={[Function]}
              onFocus={[Function]}
              onKeyDown={[Function]}
              onKeyUp={[Function]}
              onMouseDown={[Function]}
              onMouseLeave={[Function]}
              onMouseUp={[Function]}
              onTouchEnd={[Function]}
              onTouchMove={[Function]}
              onTouchStart={[Function]}
              tabIndex={0}
              type="button"
            >
              <span
                className="MuiIconButton-label"
              >
                Array [
                  <svg
                    aria-describedby={null}
                    aria-hidden={true}
                    className="MuiSvgIcon-root MuiSvgIcon-colorError MuiSvgIcon-fontSizeSmall"
                    focusable="false"
                    onBlur={[Function]}
                    onFocus={[Function]}
                    onMouseLeave={[Function]}
                    onMouseOver={[Function]}
                    onTouchEnd={[Function]}
                    onTouchStart={[Function]}
                    title="Borrar elemento"
                    viewBox="0 0 24 24"
                  >
                    <path
                      d="M19 6.41L17.59 5 12 10.59 6.41 5 5 6.41 10.59 12 5 17.59 6.41 19 12 13.41 17.59 19 19 17.59 13.41 12z"
                    />
                  </svg>,
                  "",
                ]
              </span>
              <span
                className="MuiTouchRipple-root"
              />
            </button>
          </div>
        </li>
      </ul>
      <form
        onSubmit={[Function]}
      >
        <div
          className="MuiFormControl-root MuiTextField-root MuiFormControl-marginDense MuiFormControl-fullWidth"
        >
          <div
            className="MuiInputBase-root MuiInput-root MuiInput-underline MuiInputBase-fullWidth MuiInput-fullWidth MuiInputBase-formControl MuiInput-formControl MuiInputBase-adornedEnd MuiInputBase-marginDense MuiInput-marginDense"
            onClick={[Function]}
          >
            <input
              aria-invalid={false}
              autoFocus={false}
              className="MuiInputBase-input MuiInput-input MuiInputBase-inputAdornedEnd MuiInputBase-inputMarginDense MuiInput-inputMarginDense"
              disabled={false}
              name="field"
              onAnimationStart={[Function]}
              onBlur={[Function]}
              onChange={[Function]}
              onFocus={[Function]}
              placeholder="AÃ±adir elemento"
              required={false}
              type="text"
              value=""
            />
            <div
              className="MuiInputAdornment-root MuiInputAdornment-positionEnd MuiInputAdornment-marginDense"
            >
              <button
                className="MuiButtonBase-root MuiIconButton-root"
                disabled={false}
                onBlur={[Function]}
                onDragLeave={[Function]}
                onFocus={[Function]}
                onKeyDown={[Function]}
                onKeyUp={[Function]}
                onMouseDown={[Function]}
                onMouseLeave={[Function]}
                onMouseUp={[Function]}
                onTouchEnd={[Function]}
                onTouchMove={[Function]}
                onTouchStart={[Function]}
                tabIndex={0}
                type="submit"
              >
                <span
                  className="MuiIconButton-label"
                >
                  <svg
                    aria-hidden={true}
                    className="MuiSvgIcon-root MuiSvgIcon-colorPrimary"
                    focusable="false"
                    viewBox="0 0 24 24"
                  >
                    <path
                      d="M5 19h14V5H5v14zm2-8h4V7h2v4h4v2h-4v4h-2v-4H7v-2z"
                      opacity=".3"
                    />
                    <path
                      d="M19 3H5c-1.11 0-2 .9-2 2v14c0 1.1.89 2 2 2h14c1.1 0 2-.9 2-2V5c0-1.1-.9-2-2-2zm0 16H5V5h14v14zm-8-2h2v-4h4v-2h-4V7h-2v4H7v2h4z"
                    />
                  </svg>
                </span>
                <span
                  className="MuiTouchRipple-root"
                />
              </button>
            </div>
          </div>
        </div>
      </form>
    </div>
  </div>,
]
`;
