// Jest Snapshot v1, https://goo.gl/fbAQLP

exports[`Pruebas en <Header/> Debe mostrarse correctamente 1`] = `
<EmotionCssPropInternal
  __EMOTION_LABEL_PLEASE_DO_NOT_USE__="Header"
  __EMOTION_TYPE_PLEASE_DO_NOT_USE__="header"
  css={
    Object {
      "map": "/*# sourceMappingURL=data:application/json;charset=utf-8;base64,eyJ2ZXJzaW9uIjozLCJzb3VyY2VzIjpbImhlYWRlci5qcyJdLCJuYW1lcyI6W10sIm1hcHBpbmdzIjoiQUFrQm9CIiwiZmlsZSI6ImhlYWRlci5qcyIsInNvdXJjZXNDb250ZW50IjpbImltcG9ydCBSZWFjdCBmcm9tICdyZWFjdCc7XG5pbXBvcnQgTGluayBmcm9tICduZXh0L2xpbmsnO1xuaW1wb3J0IE5hdmlnYXRpb24gZnJvbSAnLi9uYXZpZ2F0aW9uJztcbmltcG9ydCB7IGNzcyB9IGZyb20gJ0BlbW90aW9uL2NvcmUnO1xuaW1wb3J0IHN0eWxlZCBmcm9tICdAZW1vdGlvbi9zdHlsZWQnO1xuXG5jb25zdCBMb2dvTGluayA9IHN0eWxlZCgnYScpYFxuICAgIGNvbG9yOiAjZmZmZjtcbiAgICBjdXJzb3I6IHBvaW50ZXI7XG4gICAgZm9udC1zaXplOiAxcmVtO1xuYDtcblxuLyoqXG4gKiBDb21wb25lbnRlIHF1ZSBtdWVzdHJhIGVuIG1lbsO6IGRlIG5hdmVnYWNpw7NuIGRlIGxhIHBsYXRhZm9ybWEuXG4gKi9cbmNvbnN0IEhlYWRlciA9ICgpID0+IHtcbiAgICByZXR1cm4gKFxuICAgICAgICA8aGVhZGVyXG4gICAgICAgICAgICBjc3M9e2Nzc2BcbiAgICAgICAgICAgICAgICBiYWNrZ3JvdW5kLWNvbG9yOiB2YXIoLS1wcmltYXJ5KTtcbiAgICAgICAgICAgIGB9PlxuICAgICAgICAgICAgPGRpdlxuICAgICAgICAgICAgICAgIGNzcz17Y3NzYFxuICAgICAgICAgICAgICAgICAgICBtYXgtd2lkdGg6IDc1cmVtO1xuICAgICAgICAgICAgICAgICAgICBtYXJnaW46IDAgYXV0bztcbiAgICAgICAgICAgICAgICAgICAgdGV4dC1hbGlnbjogY2VudGVyO1xuICAgICAgICAgICAgICAgICAgICBsaW5lLWhlaWdodDogMztcblxuICAgICAgICAgICAgICAgICAgICBAbWVkaWEgKG1pbi13aWR0aDogNzIwcHgpIHtcbiAgICAgICAgICAgICAgICAgICAgICAgIGRpc3BsYXk6IGZsZXg7XG4gICAgICAgICAgICAgICAgICAgICAgICBhbGlnbi1pdGVtczogY2VudGVyO1xuICAgICAgICAgICAgICAgICAgICAgICAganVzdGlmeS1jb250ZW50OiBzcGFjZS1iZXR3ZWVuO1xuICAgICAgICAgICAgICAgICAgICB9XG4gICAgICAgICAgICAgICAgYH0+XG4gICAgICAgICAgICAgICAgPExpbmsgaHJlZj17Jy8nfT5cbiAgICAgICAgICAgICAgICAgICAgPExvZ29MaW5rPkFOVUFSSU8gRVNUQUTDjVNUSUNPPC9Mb2dvTGluaz5cbiAgICAgICAgICAgICAgICA8L0xpbms+XG4gICAgICAgICAgICAgICAgPE5hdmlnYXRpb24gLz5cbiAgICAgICAgICAgIDwvZGl2PlxuICAgICAgICA8L2hlYWRlcj5cbiAgICApO1xufTtcblxuZXhwb3J0IGRlZmF1bHQgSGVhZGVyO1xuIl19 */",
      "name": "1dgujb3-Header",
      "styles": "background-color:var(--primary);;label:Header;",
      "toString": [Function],
    }
  }
>
  <EmotionCssPropInternal
    __EMOTION_LABEL_PLEASE_DO_NOT_USE__="Header"
    __EMOTION_TYPE_PLEASE_DO_NOT_USE__="div"
    css={
      Object {
        "map": "/*# sourceMappingURL=data:application/json;charset=utf-8;base64,eyJ2ZXJzaW9uIjozLCJzb3VyY2VzIjpbImhlYWRlci5qcyJdLCJuYW1lcyI6W10sIm1hcHBpbmdzIjoiQUFzQndCIiwiZmlsZSI6ImhlYWRlci5qcyIsInNvdXJjZXNDb250ZW50IjpbImltcG9ydCBSZWFjdCBmcm9tICdyZWFjdCc7XG5pbXBvcnQgTGluayBmcm9tICduZXh0L2xpbmsnO1xuaW1wb3J0IE5hdmlnYXRpb24gZnJvbSAnLi9uYXZpZ2F0aW9uJztcbmltcG9ydCB7IGNzcyB9IGZyb20gJ0BlbW90aW9uL2NvcmUnO1xuaW1wb3J0IHN0eWxlZCBmcm9tICdAZW1vdGlvbi9zdHlsZWQnO1xuXG5jb25zdCBMb2dvTGluayA9IHN0eWxlZCgnYScpYFxuICAgIGNvbG9yOiAjZmZmZjtcbiAgICBjdXJzb3I6IHBvaW50ZXI7XG4gICAgZm9udC1zaXplOiAxcmVtO1xuYDtcblxuLyoqXG4gKiBDb21wb25lbnRlIHF1ZSBtdWVzdHJhIGVuIG1lbsO6IGRlIG5hdmVnYWNpw7NuIGRlIGxhIHBsYXRhZm9ybWEuXG4gKi9cbmNvbnN0IEhlYWRlciA9ICgpID0+IHtcbiAgICByZXR1cm4gKFxuICAgICAgICA8aGVhZGVyXG4gICAgICAgICAgICBjc3M9e2Nzc2BcbiAgICAgICAgICAgICAgICBiYWNrZ3JvdW5kLWNvbG9yOiB2YXIoLS1wcmltYXJ5KTtcbiAgICAgICAgICAgIGB9PlxuICAgICAgICAgICAgPGRpdlxuICAgICAgICAgICAgICAgIGNzcz17Y3NzYFxuICAgICAgICAgICAgICAgICAgICBtYXgtd2lkdGg6IDc1cmVtO1xuICAgICAgICAgICAgICAgICAgICBtYXJnaW46IDAgYXV0bztcbiAgICAgICAgICAgICAgICAgICAgdGV4dC1hbGlnbjogY2VudGVyO1xuICAgICAgICAgICAgICAgICAgICBsaW5lLWhlaWdodDogMztcblxuICAgICAgICAgICAgICAgICAgICBAbWVkaWEgKG1pbi13aWR0aDogNzIwcHgpIHtcbiAgICAgICAgICAgICAgICAgICAgICAgIGRpc3BsYXk6IGZsZXg7XG4gICAgICAgICAgICAgICAgICAgICAgICBhbGlnbi1pdGVtczogY2VudGVyO1xuICAgICAgICAgICAgICAgICAgICAgICAganVzdGlmeS1jb250ZW50OiBzcGFjZS1iZXR3ZWVuO1xuICAgICAgICAgICAgICAgICAgICB9XG4gICAgICAgICAgICAgICAgYH0+XG4gICAgICAgICAgICAgICAgPExpbmsgaHJlZj17Jy8nfT5cbiAgICAgICAgICAgICAgICAgICAgPExvZ29MaW5rPkFOVUFSSU8gRVNUQUTDjVNUSUNPPC9Mb2dvTGluaz5cbiAgICAgICAgICAgICAgICA8L0xpbms+XG4gICAgICAgICAgICAgICAgPE5hdmlnYXRpb24gLz5cbiAgICAgICAgICAgIDwvZGl2PlxuICAgICAgICA8L2hlYWRlcj5cbiAgICApO1xufTtcblxuZXhwb3J0IGRlZmF1bHQgSGVhZGVyO1xuIl19 */",
        "name": "1aorlen-Header",
        "styles": "max-width:75rem;margin:0 auto;text-align:center;line-height:3;@media (min-width:720px){display:flex;align-items:center;justify-content:space-between;};label:Header;",
        "toString": [Function],
      }
    }
  >
    <Link
      href="/"
    >
      <LogoLink>
        ANUARIO ESTAD√çSTICO
      </LogoLink>
    </Link>
    <Navegacion />
  </EmotionCssPropInternal>
</EmotionCssPropInternal>
`;
