// Jest Snapshot v1, https://goo.gl/fbAQLP

exports[`Pruebas en <MenuTabsMain/> Debe mostrarse correctamente 1`] = `
<EmotionCssPropInternal
  __EMOTION_LABEL_PLEASE_DO_NOT_USE__="MenuTabsMain"
  __EMOTION_TYPE_PLEASE_DO_NOT_USE__="div"
  css={
    Object {
      "map": "/*# sourceMappingURL=data:application/json;charset=utf-8;base64,eyJ2ZXJzaW9uIjozLCJzb3VyY2VzIjpbIm1lbnVEcm9wZG93bi5qcyJdLCJuYW1lcyI6W10sIm1hcHBpbmdzIjoiQUFrRW9CIiwiZmlsZSI6Im1lbnVEcm9wZG93bi5qcyIsInNvdXJjZXNDb250ZW50IjpbIi8qIGVzbGludC1kaXNhYmxlIHJlYWN0L2pzeC1rZXkgKi9cbmltcG9ydCBSZWFjdCBmcm9tICdyZWFjdCc7XG5pbXBvcnQgUHJvcFR5cGVzIGZyb20gJ3Byb3AtdHlwZXMnO1xuaW1wb3J0IHsgQXBwQmFyLCBUYWJzLCBUYWIsIEJveCwgdXNlVGhlbWUgfSBmcm9tICdAbWF0ZXJpYWwtdWkvY29yZSc7XG5pbXBvcnQgeyBjc3MgfSBmcm9tICdAZW1vdGlvbi9jb3JlJztcblxuLyoqXG4gKiBAZGVzY3JpcHRpb24gQ29tcG9uZW50ZSBxdWUgcGVybWl0ZSB2aXN1YWxpemFyIGNhZGEgdGFiLlxuICogQHBhcmFtIHthbnl9IGNoaWxkcmVuXG4gKiBAcGFyYW0ge1N0cmluZ30gdmFsdWVcbiAqIEBwYXJhbSB7YW55fSBpbmRleFxuICogQ29uc3VsdGUgbG9zIGVsZW1lbnRvcyB1dGlsaXphZG9zIGVuIHtAbGluayBodHRwczovL21hdGVyaWFsLXVpLmNvbS8gfCBNYXRlcmlhbC11aX1cbiAqL1xuZnVuY3Rpb24gVGFiUGFuZWwocHJvcHMpIHtcbiAgICBjb25zdCB7IGNoaWxkcmVuLCB2YWx1ZSwgaW5kZXgsIC4uLm90aGVyIH0gPSBwcm9wcztcbiAgICByZXR1cm4gKFxuICAgICAgICA8ZGl2XG4gICAgICAgICAgICByb2xlPVwidGFicGFuZWxcIlxuICAgICAgICAgICAgaGlkZGVuPXt2YWx1ZSAhPT0gaW5kZXh9XG4gICAgICAgICAgICBpZD17YHNjcm9sbGFibGUtYXV0by10YWJwYW5lbC0ke2luZGV4fWB9XG4gICAgICAgICAgICBhcmlhLWxhYmVsbGVkYnk9e2BzY3JvbGxhYmxlLWF1dG8tdGFiLSR7aW5kZXh9YH1cbiAgICAgICAgICAgIHsuLi5vdGhlcn0+XG4gICAgICAgICAgICB7dmFsdWUgPT09IGluZGV4ICYmIChcbiAgICAgICAgICAgICAgICA8Qm94XG4gICAgICAgICAgICAgICAgICAgIGNzcz17Y3NzYFxuICAgICAgICAgICAgICAgICAgICAgICAgcGFkZGluZzogM3JlbTtcblxuICAgICAgICAgICAgICAgICAgICAgICAgQG1lZGlhIChtYXgtd2lkdGg6IDc2OHB4KSB7XG4gICAgICAgICAgICAgICAgICAgICAgICAgICAgcGFkZGluZzogMHJlbTtcbiAgICAgICAgICAgICAgICAgICAgICAgIH1cbiAgICAgICAgICAgICAgICAgICAgYH0+XG4gICAgICAgICAgICAgICAgICAgIDxCb3g+e2NoaWxkcmVufTwvQm94PlxuICAgICAgICAgICAgICAgIDwvQm94PlxuICAgICAgICAgICAgKX1cbiAgICAgICAgPC9kaXY+XG4gICAgKTtcbn1cblxuVGFiUGFuZWwucHJvcFR5cGVzID0ge1xuICAgIGNoaWxkcmVuOiBQcm9wVHlwZXMubm9kZSxcbiAgICBpbmRleDogUHJvcFR5cGVzLmFueS5pc1JlcXVpcmVkLFxuICAgIHZhbHVlOiBQcm9wVHlwZXMuYW55LmlzUmVxdWlyZWRcbn07XG5cbi8vIE3DqXRvZG8gcGFyYSBjYW1iaWFyIGRlIHBhbmVsLlxuZnVuY3Rpb24gYTExeVByb3BzKGluZGV4KSB7XG4gICAgcmV0dXJuIHtcbiAgICAgICAgaWQ6IGBzY3JvbGxhYmxlLWF1dG8tdGFiLSR7aW5kZXh9YCxcbiAgICAgICAgJ2FyaWEtY29udHJvbHMnOiBgc2Nyb2xsYWJsZS1hdXRvLXRhYnBhbmVsLSR7aW5kZXh9YFxuICAgIH07XG59XG4vKipcbiAqIEBwYXJhbSBDb21wb25lbnRlIHF1ZSBwZXJtaXRlIHZpc3VhbGl6YXIgbG9zIHBhbmVsIGRlIGxhIHBsYXRhZm9ybWEuXG4gKiBAcGFyYW0ge29iamVjdCB7fX0gZGF0YSBkZWwgY29tcG9uZW50ZS5cbiAqIENvbnN1bHRlIGxvcyBlbGVtZW50b3MgdXRpbGl6YWRvcyBlbiB7QGxpbmsgaHR0cHM6Ly9tYXRlcmlhbC11aS5jb20vIHwgTWF0ZXJpYWwtdWl9XG4gKi9cbmNvbnN0IE1lbnVUYWJzTWFpbiA9ICh7IGRhdGEgfSkgPT4ge1xuICAgIGNvbnN0IFt2YWx1ZSwgc2V0VmFsdWVdID0gUmVhY3QudXNlU3RhdGUoMCk7XG5cbiAgICBjb25zdCB0aGVtZSA9IHVzZVRoZW1lKCk7XG4gICAgY29uc3QgaGFuZGxlQ2hhbmdlID0gKGV2ZW50LCBuZXdWYWx1ZSkgPT4ge1xuICAgICAgICBzZXRWYWx1ZShuZXdWYWx1ZSk7XG4gICAgfTtcblxuICAgIHJldHVybiAoXG4gICAgICAgIDxkaXZcbiAgICAgICAgICAgIGNzcz17Y3NzYFxuICAgICAgICAgICAgICAgIHBhZGRpbmctbGVmdDogMXJlbTtcbiAgICAgICAgICAgICAgICBwYWRkaW5nLXJpZ2h0OiAxcmVtO1xuICAgICAgICAgICAgICAgIGZsZXgtZmxvdzogMTtcbiAgICAgICAgICAgICAgICB3aWR0aDogMTAwJTtcbiAgICAgICAgICAgICAgICBiYWNrZ3JvdW5kLWNvbG9yOiAke3RoZW1lLnBhbGV0dGUuYmFja2dyb3VuZC5wYXBlcn07XG5cbiAgICAgICAgICAgICAgICBAbWVkaWEgKG1heC13aWR0aDogNzY4cHgpIHtcbiAgICAgICAgICAgICAgICAgICAgcGFkZGluZy1sZWZ0OiAwcmVtO1xuICAgICAgICAgICAgICAgICAgICBwYWRkaW5nLXJpZ2h0OiAwcmVtO1xuICAgICAgICAgICAgICAgIH1cbiAgICAgICAgICAgIGB9PlxuICAgICAgICAgICAgPEFwcEJhciBwb3NpdGlvbj1cInN0YXRpY1wiIGNvbG9yPVwic2Vjb25kYXJ5XCI+XG4gICAgICAgICAgICAgICAgPFRhYnNcbiAgICAgICAgICAgICAgICAgICAgdmFsdWU9e3ZhbHVlfVxuICAgICAgICAgICAgICAgICAgICBvbkNoYW5nZT17aGFuZGxlQ2hhbmdlfVxuICAgICAgICAgICAgICAgICAgICBpbmRpY2F0b3JDb2xvcj1cInByaW1hcnlcIlxuICAgICAgICAgICAgICAgICAgICB0ZXh0Q29sb3I9XCJpbmhlcml0XCJcbiAgICAgICAgICAgICAgICAgICAgdmFyaWFudD1cInNjcm9sbGFibGVcIlxuICAgICAgICAgICAgICAgICAgICBzY3JvbGxCdXR0b25zPVwiYXV0b1wiXG4gICAgICAgICAgICAgICAgICAgIGFyaWEtbGFiZWw9XCJzY3JvbGxhYmxlIGF1dG8gdGFicyBleGFtcGxlXCI+XG4gICAgICAgICAgICAgICAgICAgIHtkYXRhLm1hcCgodmFsdWUsIGluZGV4KSA9PiAoXG4gICAgICAgICAgICAgICAgICAgICAgICA8VGFiIGtleT17aW5kZXh9IGxhYmVsPXt2YWx1ZS5sYWJlbH0gey4uLmExMXlQcm9wcyhpbmRleCl9IC8+XG4gICAgICAgICAgICAgICAgICAgICkpfVxuICAgICAgICAgICAgICAgIDwvVGFicz5cbiAgICAgICAgICAgIDwvQXBwQmFyPlxuICAgICAgICAgICAge2RhdGEubWFwKChpdGVtLCBpbmRleCkgPT4ge1xuICAgICAgICAgICAgICAgIGNvbnN0IHsgQ29tcG9uZW50IH0gPSBpdGVtO1xuICAgICAgICAgICAgICAgIHJldHVybiAoXG4gICAgICAgICAgICAgICAgICAgIDxUYWJQYW5lbCBrZXk9e2luZGV4fSB2YWx1ZT17dmFsdWV9IGluZGV4PXtpbmRleH0+XG4gICAgICAgICAgICAgICAgICAgICAgICA8ZGl2PlxuICAgICAgICAgICAgICAgICAgICAgICAgICAgIDxDb21wb25lbnQgLz5cbiAgICAgICAgICAgICAgICAgICAgICAgIDwvZGl2PlxuICAgICAgICAgICAgICAgICAgICA8L1RhYlBhbmVsPlxuICAgICAgICAgICAgICAgICk7XG4gICAgICAgICAgICB9KX1cbiAgICAgICAgPC9kaXY+XG4gICAgKTtcbn07XG5NZW51VGFic01haW4ucHJvcFR5cGVzID0ge1xuICAgIGRhdGE6IFByb3BUeXBlcy5hcnJheS5pc1JlcXVpcmVkXG59O1xuXG5leHBvcnQgeyBNZW51VGFic01haW4gfTtcbiJdfQ== */",
      "name": "h605xt-MenuTabsMain-MenuTabsMain",
      "next": undefined,
      "styles": "padding-left:1rem;padding-right:1rem;flex-flow:1;width:100%;background-color:#fff;@media (max-width:768px){padding-left:0rem;padding-right:0rem;};label:MenuTabsMain;;label:MenuTabsMain;",
      "toString": [Function],
    }
  }
>
  <WithStyles(ForwardRef(AppBar))
    color="secondary"
    position="static"
  >
    <WithStyles(ForwardRef(Tabs))
      aria-label="scrollable auto tabs example"
      indicatorColor="primary"
      onChange={[Function]}
      scrollButtons="auto"
      textColor="inherit"
      value={0}
      variant="scrollable"
    >
      <WithStyles(ForwardRef(Tab))
        aria-controls="scrollable-auto-tabpanel-0"
        id="scrollable-auto-tab-0"
        key="0"
        label="Movilidad Terrestre"
      />
      <WithStyles(ForwardRef(Tab))
        aria-controls="scrollable-auto-tabpanel-1"
        id="scrollable-auto-tab-1"
        key="1"
        label="Aspectos  Históricos  y  Geográficos"
      />
      <WithStyles(ForwardRef(Tab))
        aria-controls="scrollable-auto-tabpanel-2"
        id="scrollable-auto-tab-2"
        key="2"
        label="Demografía"
      />
      <WithStyles(ForwardRef(Tab))
        aria-controls="scrollable-auto-tabpanel-3"
        id="scrollable-auto-tab-3"
        key="3"
        label="Salud"
      />
      <WithStyles(ForwardRef(Tab))
        aria-controls="scrollable-auto-tabpanel-4"
        id="scrollable-auto-tab-4"
        key="4"
        label="Educación"
      />
      <WithStyles(ForwardRef(Tab))
        aria-controls="scrollable-auto-tabpanel-5"
        id="scrollable-auto-tab-5"
        key="5"
        label="Recreación y zonas verdes"
      />
      <WithStyles(ForwardRef(Tab))
        aria-controls="scrollable-auto-tabpanel-6"
        id="scrollable-auto-tab-6"
        key="6"
        label="Servicios Público"
      />
      <WithStyles(ForwardRef(Tab))
        aria-controls="scrollable-auto-tabpanel-7"
        id="scrollable-auto-tab-7"
        key="7"
        label="Seguridad y convivencia"
      />
      <WithStyles(ForwardRef(Tab))
        aria-controls="scrollable-auto-tabpanel-8"
        id="scrollable-auto-tab-8"
        key="8"
        label="Violencia Intrafamiliar"
      />
      <WithStyles(ForwardRef(Tab))
        aria-controls="scrollable-auto-tabpanel-9"
        id="scrollable-auto-tab-9"
        key="9"
        label="Hacienda Pública"
      />
      <WithStyles(ForwardRef(Tab))
        aria-controls="scrollable-auto-tabpanel-10"
        id="scrollable-auto-tab-10"
        key="10"
        label="Sector Financiero"
      />
      <WithStyles(ForwardRef(Tab))
        aria-controls="scrollable-auto-tabpanel-11"
        id="scrollable-auto-tab-11"
        key="11"
        label="Sector Agropecuario"
      />
      <WithStyles(ForwardRef(Tab))
        aria-controls="scrollable-auto-tabpanel-12"
        id="scrollable-auto-tab-12"
        key="12"
        label="Construcción y vivienda"
      />
      <WithStyles(ForwardRef(Tab))
        aria-controls="scrollable-auto-tabpanel-13"
        id="scrollable-auto-tab-13"
        key="13"
        label="Sector Empresarial"
      />
      <WithStyles(ForwardRef(Tab))
        aria-controls="scrollable-auto-tabpanel-14"
        id="scrollable-auto-tab-14"
        key="14"
        label="Comercio Exterior"
      />
      <WithStyles(ForwardRef(Tab))
        aria-controls="scrollable-auto-tabpanel-15"
        id="scrollable-auto-tab-15"
        key="15"
        label="Movimiento Aéreo"
      />
    </WithStyles(ForwardRef(Tabs))>
  </WithStyles(ForwardRef(AppBar))>
  <TabPanel
    index={0}
    key="0"
    value={0}
  >
    <div>
      <Component />
    </div>
  </TabPanel>
  <TabPanel
    index={1}
    key="1"
    value={0}
  >
    <div>
      <Component />
    </div>
  </TabPanel>
  <TabPanel
    index={2}
    key="2"
    value={0}
  >
    <div>
      <Component />
    </div>
  </TabPanel>
  <TabPanel
    index={3}
    key="3"
    value={0}
  >
    <div>
      <Component />
    </div>
  </TabPanel>
  <TabPanel
    index={4}
    key="4"
    value={0}
  >
    <div>
      <Component />
    </div>
  </TabPanel>
  <TabPanel
    index={5}
    key="5"
    value={0}
  >
    <div>
      <Component />
    </div>
  </TabPanel>
  <TabPanel
    index={6}
    key="6"
    value={0}
  >
    <div>
      <Component />
    </div>
  </TabPanel>
  <TabPanel
    index={7}
    key="7"
    value={0}
  >
    <div>
      <Component />
    </div>
  </TabPanel>
  <TabPanel
    index={8}
    key="8"
    value={0}
  >
    <div>
      <Component />
    </div>
  </TabPanel>
  <TabPanel
    index={9}
    key="9"
    value={0}
  >
    <div>
      <Component />
    </div>
  </TabPanel>
  <TabPanel
    index={10}
    key="10"
    value={0}
  >
    <div>
      <Component />
    </div>
  </TabPanel>
  <TabPanel
    index={11}
    key="11"
    value={0}
  >
    <div>
      <Component />
    </div>
  </TabPanel>
  <TabPanel
    index={12}
    key="12"
    value={0}
  >
    <div>
      <Component />
    </div>
  </TabPanel>
  <TabPanel
    index={13}
    key="13"
    value={0}
  >
    <div>
      <Component />
    </div>
  </TabPanel>
  <TabPanel
    index={14}
    key="14"
    value={0}
  >
    <div>
      <Component />
    </div>
  </TabPanel>
  <TabPanel
    index={15}
    key="15"
    value={0}
  >
    <div>
      <Component />
    </div>
  </TabPanel>
</EmotionCssPropInternal>
`;
