// Jest Snapshot v1, https://goo.gl/fbAQLP

exports[`Pruebas en el componente <SectionGeneric/> debe mostrarse correctamente 1`] = `
<EmotionCssPropInternal
  __EMOTION_LABEL_PLEASE_DO_NOT_USE__="SectionGeneric"
  __EMOTION_TYPE_PLEASE_DO_NOT_USE__={
    Object {
      "$$typeof": Symbol(react.forward_ref),
      "displayName": "Styled(MuiBox)",
      "propTypes": Object {
        "alignContent": [Function],
        "alignItems": [Function],
        "alignSelf": [Function],
        "bgcolor": [Function],
        "border": [Function],
        "borderBottom": [Function],
        "borderColor": [Function],
        "borderLeft": [Function],
        "borderRadius": [Function],
        "borderRight": [Function],
        "borderTop": [Function],
        "bottom": [Function],
        "boxShadow": [Function],
        "boxSizing": [Function],
        "children": [Function],
        "className": [Function],
        "clone": [Function],
        "color": [Function],
        "component": [Function],
        "css": [Function],
        "display": [Function],
        "displayPrint": [Function],
        "flex": [Function],
        "flexBasis": [Function],
        "flexDirection": [Function],
        "flexGrow": [Function],
        "flexShrink": [Function],
        "flexWrap": [Function],
        "fontFamily": [Function],
        "fontSize": [Function],
        "fontStyle": [Function],
        "fontWeight": [Function],
        "gridArea": [Function],
        "gridAutoColumns": [Function],
        "gridAutoFlow": [Function],
        "gridAutoRows": [Function],
        "gridColumn": [Function],
        "gridColumnGap": [Function],
        "gridGap": [Function],
        "gridRow": [Function],
        "gridRowGap": [Function],
        "gridTemplateAreas": [Function],
        "gridTemplateColumns": [Function],
        "gridTemplateRows": [Function],
        "height": [Function],
        "justifyContent": [Function],
        "justifyItems": [Function],
        "justifySelf": [Function],
        "left": [Function],
        "letterSpacing": [Function],
        "lineHeight": [Function],
        "m": [Function],
        "margin": [Function],
        "marginBottom": [Function],
        "marginLeft": [Function],
        "marginRight": [Function],
        "marginTop": [Function],
        "marginX": [Function],
        "marginY": [Function],
        "maxHeight": [Function],
        "maxWidth": [Function],
        "mb": [Function],
        "minHeight": [Function],
        "minWidth": [Function],
        "ml": [Function],
        "mr": [Function],
        "mt": [Function],
        "mx": [Function],
        "my": [Function],
        "order": [Function],
        "overflow": [Function],
        "p": [Function],
        "padding": [Function],
        "paddingBottom": [Function],
        "paddingLeft": [Function],
        "paddingRight": [Function],
        "paddingTop": [Function],
        "paddingX": [Function],
        "paddingY": [Function],
        "pb": [Function],
        "pl": [Function],
        "position": [Function],
        "pr": [Function],
        "pt": [Function],
        "px": [Function],
        "py": [Function],
        "right": [Function],
        "textAlign": [Function],
        "textOverflow": [Function],
        "top": [Function],
        "visibility": [Function],
        "whiteSpace": [Function],
        "width": [Function],
        "zIndex": [Function],
      },
      "render": [Function],
    }
  }
  css={
    Object {
      "map": "/*# sourceMappingURL=data:application/json;charset=utf-8;base64,eyJ2ZXJzaW9uIjozLCJzb3VyY2VzIjpbInNlY3Rpb24uanMiXSwibmFtZXMiOltdLCJtYXBwaW5ncyI6IkFBMEdvQiIsImZpbGUiOiJzZWN0aW9uLmpzIiwic291cmNlc0NvbnRlbnQiOlsiLyogZXNsaW50LWRpc2FibGUgcmVhY3QvcHJvcC10eXBlcyAqL1xuaW1wb3J0IFJlYWN0IGZyb20gJ3JlYWN0JztcbmltcG9ydCB7IFR5cG9ncmFwaHksIEJveCB9IGZyb20gJ0BtYXRlcmlhbC11aS9jb3JlJztcbmltcG9ydCBzdHlsZWQgZnJvbSAnQGVtb3Rpb24vc3R5bGVkJztcblxuaW1wb3J0IHsgY3NzIH0gZnJvbSAnQGVtb3Rpb24vY29yZSc7XG5pbXBvcnQgQ2hhcnRHcmFwaGljIGZyb20gJy4vY2hhcnRzR3JhcGhpYyc7XG5pbXBvcnQgVGFibGVHZW5lcmljIGZyb20gJy4vdGFibGUnO1xuXG4vLyBFc3RpbG9zIGRlbCBjYW1wbyBkZSB0aXBvIGltYWdlbiA9PiBJbWFnZUNvbnRhaW5lclxuY29uc3QgSW1hZ2VDb250YWluZXIgPSBzdHlsZWQuZGl2YFxuICAgIHBhZGRpbmc6IDE2cHg7XG4gICAgZ3JpZC10ZW1wbGF0ZS1jb2x1bW5zOiAwcHggYXV0bztcbiAgICBhbGlnbi1pdGVtczogY2VudGVyO1xuICAgIGltZyB7XG4gICAgICAgIG1heC13aWR0aDogMTAwJTtcbiAgICB9XG4gICAgLmltYWdlIHtcbiAgICAgICAgcG9zaXRpb246IHJlbGF0aXZlO1xuICAgICAgICBkaXNwbGF5OiBmbGV4O1xuICAgICAgICBhbGlnbi1pdGVtczogY2VudGVyO1xuICAgICAgICBqdXN0aWZ5LWNvbnRlbnQ6IGNlbnRlcjtcbiAgICB9XG5cbiAgICAuaW1nIHtcbiAgICAgICAgdHJhbnNpdGlvbjogd2lkdGggMC41cyBlYXNlLCBoZWlnaHQgMC41cyBlYXNlO1xuICAgIH1cbmA7XG5cbi8qKlxuICogQ29tcG9uZW50ZSBxdWUgcGVybWl0ZSByZW5kZXJpemFyIGRpZmVyZW50ZXMgY2FtcG9zIGRlcGVuZGllbmRvIGRlbCB0eXBlLlxuICogQHBhcmFtIHt0eXBlOiBzdHJpbmcsIHZhbHVlOiBhbnksIGlkOmFueX0gUHJvcHMgUHJvcGllZGFkZXMgZGVsIGNvbXBvbmVudGUuXG4gKi9cbmNvbnN0IFNlY3Rpb25HZW5lcmljID0gKHsgdHlwZSwgdmFsdWUsIGlkIH0pID0+IHtcbiAgICBjb25zdCBnZXRGaWVsZCA9ICgpID0+IHtcbiAgICAgICAgc3dpdGNoICh0eXBlKSB7XG4gICAgICAgICAgICBjYXNlICd0aXRsZSc6XG4gICAgICAgICAgICAgICAgcmV0dXJuIChcbiAgICAgICAgICAgICAgICAgICAgPFR5cG9ncmFwaHlcbiAgICAgICAgICAgICAgICAgICAgICAgIGNzcz17Y3NzYFxuICAgICAgICAgICAgICAgICAgICAgICAgICAgIEBtZWRpYSAobWF4LXdpZHRoOiA3NjhweCkge1xuICAgICAgICAgICAgICAgICAgICAgICAgICAgICAgICBwYWRkaW5nLXRvcDogMXJlbTtcbiAgICAgICAgICAgICAgICAgICAgICAgICAgICB9XG4gICAgICAgICAgICAgICAgICAgICAgICBgfVxuICAgICAgICAgICAgICAgICAgICAgICAgYWxpZ249XCJjZW50ZXJcIlxuICAgICAgICAgICAgICAgICAgICAgICAgc3R5bGU9e3sgZm9udFdlaWdodDogNzAwLCBwYWRkaW5nQm90dG9tOiAnMXJlbScgfX1cbiAgICAgICAgICAgICAgICAgICAgICAgIHZhcmlhbnQ9XCJoNVwiXG4gICAgICAgICAgICAgICAgICAgICAgICBjb2xvcj1cInByaW1hcnlcIj5cbiAgICAgICAgICAgICAgICAgICAgICAgIHt2YWx1ZX1cbiAgICAgICAgICAgICAgICAgICAgPC9UeXBvZ3JhcGh5PlxuICAgICAgICAgICAgICAgICk7XG4gICAgICAgICAgICBjYXNlICdzdWJ0aXRsZSc6XG4gICAgICAgICAgICAgICAgcmV0dXJuIChcbiAgICAgICAgICAgICAgICAgICAgPFR5cG9ncmFwaHlcbiAgICAgICAgICAgICAgICAgICAgICAgIHN0eWxlPXt7IGZvbnRXZWlnaHQ6IDcwMCwgcGFkZGluZ0JvdHRvbTogJzFyZW0nLCBwYWRkaW5nVG9wOiAnMXJlbScgfX1cbiAgICAgICAgICAgICAgICAgICAgICAgIHZhcmlhbnQ9XCJoNlwiXG4gICAgICAgICAgICAgICAgICAgICAgICBhbGlnbj1cImNlbnRlclwiXG4gICAgICAgICAgICAgICAgICAgICAgICBjb2xvcj1cInRleHRQcmltYXJ5XCI+XG4gICAgICAgICAgICAgICAgICAgICAgICB7dmFsdWV9XG4gICAgICAgICAgICAgICAgICAgIDwvVHlwb2dyYXBoeT5cbiAgICAgICAgICAgICAgICApO1xuICAgICAgICAgICAgY2FzZSAncGFyYWdyYXBoJzpcbiAgICAgICAgICAgICAgICByZXR1cm4gKFxuICAgICAgICAgICAgICAgICAgICA8VHlwb2dyYXBoeVxuICAgICAgICAgICAgICAgICAgICAgICAgY29tcG9uZW50PVwicFwiXG4gICAgICAgICAgICAgICAgICAgICAgICBzdHlsZT17eyBwYWRkaW5nQm90dG9tOiAnMXJlbScgfX1cbiAgICAgICAgICAgICAgICAgICAgICAgIGFsaWduPVwianVzdGlmeVwiXG4gICAgICAgICAgICAgICAgICAgICAgICBjb2xvcj1cInRleHRTZWNvbmRhcnlcIj5cbiAgICAgICAgICAgICAgICAgICAgICAgIHt2YWx1ZX1cbiAgICAgICAgICAgICAgICAgICAgPC9UeXBvZ3JhcGh5PlxuICAgICAgICAgICAgICAgICk7XG4gICAgICAgICAgICBjYXNlICdjaGFydCc6XG4gICAgICAgICAgICAgICAgcmV0dXJuIDxDaGFydEdyYXBoaWMgdmFsdWU9e3ZhbHVlfSBpZD17aWR9IC8+O1xuICAgICAgICAgICAgY2FzZSAnaW1hZ2UnOlxuICAgICAgICAgICAgICAgIHJldHVybiAoXG4gICAgICAgICAgICAgICAgICAgIDxJbWFnZUNvbnRhaW5lcj5cbiAgICAgICAgICAgICAgICAgICAgICAgIDxkaXYgY2xhc3NOYW1lPVwiaW1hZ2VcIj5cbiAgICAgICAgICAgICAgICAgICAgICAgICAgICA8aW1nIHNyYz17dmFsdWUudXJsfSBhbHQ9XCJpbWdcIiAvPlxuICAgICAgICAgICAgICAgICAgICAgICAgPC9kaXY+XG4gICAgICAgICAgICAgICAgICAgIDwvSW1hZ2VDb250YWluZXI+XG4gICAgICAgICAgICAgICAgKTtcbiAgICAgICAgICAgIGNhc2UgJ2xpc3QnOlxuICAgICAgICAgICAgICAgIHJldHVybiAoXG4gICAgICAgICAgICAgICAgICAgIDx1bD5cbiAgICAgICAgICAgICAgICAgICAgICAgIHt2YWx1ZS5tYXAoKGl0ZW0sIGtleSkgPT4gKFxuICAgICAgICAgICAgICAgICAgICAgICAgICAgIDxsaSBrZXk9e2tleX0+XG4gICAgICAgICAgICAgICAgICAgICAgICAgICAgICAgIDxUeXBvZ3JhcGh5XG4gICAgICAgICAgICAgICAgICAgICAgICAgICAgICAgICAgICBzdHlsZT17eyBwYWRkaW5nQm90dG9tOiAnMC41cmVtJyB9fVxuICAgICAgICAgICAgICAgICAgICAgICAgICAgICAgICAgICAgY29tcG9uZW50PVwibGlcIlxuICAgICAgICAgICAgICAgICAgICAgICAgICAgICAgICAgICAgY29sb3I9XCJ0ZXh0U2Vjb25kYXJ5XCJcbiAgICAgICAgICAgICAgICAgICAgICAgICAgICAgICAgICAgIGFsaWduPVwianVzdGlmeVwiPlxuICAgICAgICAgICAgICAgICAgICAgICAgICAgICAgICAgICAge2l0ZW19XG4gICAgICAgICAgICAgICAgICAgICAgICAgICAgICAgIDwvVHlwb2dyYXBoeT5cbiAgICAgICAgICAgICAgICAgICAgICAgICAgICA8L2xpPlxuICAgICAgICAgICAgICAgICAgICAgICAgKSl9XG4gICAgICAgICAgICAgICAgICAgIDwvdWw+XG4gICAgICAgICAgICAgICAgKTtcbiAgICAgICAgICAgIGNhc2UgJ3RhYmxlJzpcbiAgICAgICAgICAgICAgICByZXR1cm4gPFRhYmxlR2VuZXJpYyBkYXRhPXt2YWx1ZX0gLz47XG4gICAgICAgICAgICBkZWZhdWx0OlxuICAgICAgICAgICAgICAgIHJldHVybiBudWxsO1xuICAgICAgICB9XG4gICAgfTtcblxuICAgIHJldHVybiAoXG4gICAgICAgIDxCb3hcbiAgICAgICAgICAgIGNzcz17Y3NzYFxuICAgICAgICAgICAgICAgIHdpZHRoOiAxMDAlO1xuICAgICAgICAgICAgICAgIG1pbi13aWR0aDogOTYlO1xuICAgICAgICAgICAgYH0+XG4gICAgICAgICAgICA8ZGl2XG4gICAgICAgICAgICAgICAgY3NzPXtjc3NgXG4gICAgICAgICAgICAgICAgICAgIHdpZHRoOiA4MCU7XG4gICAgICAgICAgICAgICAgICAgIG1hcmdpbjogMCBhdXRvO1xuICAgICAgICAgICAgICAgICAgICBiYWNrZ3JvdW5kLWNvbG9yOiAnYmx1ZSc7XG4gICAgICAgICAgICAgICAgYH0+XG4gICAgICAgICAgICAgICAge2dldEZpZWxkKCl9XG4gICAgICAgICAgICA8L2Rpdj5cbiAgICAgICAgPC9Cb3g+XG4gICAgKTtcbn07XG5cbmV4cG9ydCBkZWZhdWx0IFNlY3Rpb25HZW5lcmljO1xuIl19 */",
      "name": "771n28-SectionGeneric",
      "styles": "width:100%;min-width:96%;;label:SectionGeneric;",
      "toString": [Function],
    }
  }
>
  <EmotionCssPropInternal
    __EMOTION_LABEL_PLEASE_DO_NOT_USE__="SectionGeneric"
    __EMOTION_TYPE_PLEASE_DO_NOT_USE__="div"
    css={
      Object {
        "map": "/*# sourceMappingURL=data:application/json;charset=utf-8;base64,eyJ2ZXJzaW9uIjozLCJzb3VyY2VzIjpbInNlY3Rpb24uanMiXSwibmFtZXMiOltdLCJtYXBwaW5ncyI6IkFBK0d3QiIsImZpbGUiOiJzZWN0aW9uLmpzIiwic291cmNlc0NvbnRlbnQiOlsiLyogZXNsaW50LWRpc2FibGUgcmVhY3QvcHJvcC10eXBlcyAqL1xuaW1wb3J0IFJlYWN0IGZyb20gJ3JlYWN0JztcbmltcG9ydCB7IFR5cG9ncmFwaHksIEJveCB9IGZyb20gJ0BtYXRlcmlhbC11aS9jb3JlJztcbmltcG9ydCBzdHlsZWQgZnJvbSAnQGVtb3Rpb24vc3R5bGVkJztcblxuaW1wb3J0IHsgY3NzIH0gZnJvbSAnQGVtb3Rpb24vY29yZSc7XG5pbXBvcnQgQ2hhcnRHcmFwaGljIGZyb20gJy4vY2hhcnRzR3JhcGhpYyc7XG5pbXBvcnQgVGFibGVHZW5lcmljIGZyb20gJy4vdGFibGUnO1xuXG4vLyBFc3RpbG9zIGRlbCBjYW1wbyBkZSB0aXBvIGltYWdlbiA9PiBJbWFnZUNvbnRhaW5lclxuY29uc3QgSW1hZ2VDb250YWluZXIgPSBzdHlsZWQuZGl2YFxuICAgIHBhZGRpbmc6IDE2cHg7XG4gICAgZ3JpZC10ZW1wbGF0ZS1jb2x1bW5zOiAwcHggYXV0bztcbiAgICBhbGlnbi1pdGVtczogY2VudGVyO1xuICAgIGltZyB7XG4gICAgICAgIG1heC13aWR0aDogMTAwJTtcbiAgICB9XG4gICAgLmltYWdlIHtcbiAgICAgICAgcG9zaXRpb246IHJlbGF0aXZlO1xuICAgICAgICBkaXNwbGF5OiBmbGV4O1xuICAgICAgICBhbGlnbi1pdGVtczogY2VudGVyO1xuICAgICAgICBqdXN0aWZ5LWNvbnRlbnQ6IGNlbnRlcjtcbiAgICB9XG5cbiAgICAuaW1nIHtcbiAgICAgICAgdHJhbnNpdGlvbjogd2lkdGggMC41cyBlYXNlLCBoZWlnaHQgMC41cyBlYXNlO1xuICAgIH1cbmA7XG5cbi8qKlxuICogQ29tcG9uZW50ZSBxdWUgcGVybWl0ZSByZW5kZXJpemFyIGRpZmVyZW50ZXMgY2FtcG9zIGRlcGVuZGllbmRvIGRlbCB0eXBlLlxuICogQHBhcmFtIHt0eXBlOiBzdHJpbmcsIHZhbHVlOiBhbnksIGlkOmFueX0gUHJvcHMgUHJvcGllZGFkZXMgZGVsIGNvbXBvbmVudGUuXG4gKi9cbmNvbnN0IFNlY3Rpb25HZW5lcmljID0gKHsgdHlwZSwgdmFsdWUsIGlkIH0pID0+IHtcbiAgICBjb25zdCBnZXRGaWVsZCA9ICgpID0+IHtcbiAgICAgICAgc3dpdGNoICh0eXBlKSB7XG4gICAgICAgICAgICBjYXNlICd0aXRsZSc6XG4gICAgICAgICAgICAgICAgcmV0dXJuIChcbiAgICAgICAgICAgICAgICAgICAgPFR5cG9ncmFwaHlcbiAgICAgICAgICAgICAgICAgICAgICAgIGNzcz17Y3NzYFxuICAgICAgICAgICAgICAgICAgICAgICAgICAgIEBtZWRpYSAobWF4LXdpZHRoOiA3NjhweCkge1xuICAgICAgICAgICAgICAgICAgICAgICAgICAgICAgICBwYWRkaW5nLXRvcDogMXJlbTtcbiAgICAgICAgICAgICAgICAgICAgICAgICAgICB9XG4gICAgICAgICAgICAgICAgICAgICAgICBgfVxuICAgICAgICAgICAgICAgICAgICAgICAgYWxpZ249XCJjZW50ZXJcIlxuICAgICAgICAgICAgICAgICAgICAgICAgc3R5bGU9e3sgZm9udFdlaWdodDogNzAwLCBwYWRkaW5nQm90dG9tOiAnMXJlbScgfX1cbiAgICAgICAgICAgICAgICAgICAgICAgIHZhcmlhbnQ9XCJoNVwiXG4gICAgICAgICAgICAgICAgICAgICAgICBjb2xvcj1cInByaW1hcnlcIj5cbiAgICAgICAgICAgICAgICAgICAgICAgIHt2YWx1ZX1cbiAgICAgICAgICAgICAgICAgICAgPC9UeXBvZ3JhcGh5PlxuICAgICAgICAgICAgICAgICk7XG4gICAgICAgICAgICBjYXNlICdzdWJ0aXRsZSc6XG4gICAgICAgICAgICAgICAgcmV0dXJuIChcbiAgICAgICAgICAgICAgICAgICAgPFR5cG9ncmFwaHlcbiAgICAgICAgICAgICAgICAgICAgICAgIHN0eWxlPXt7IGZvbnRXZWlnaHQ6IDcwMCwgcGFkZGluZ0JvdHRvbTogJzFyZW0nLCBwYWRkaW5nVG9wOiAnMXJlbScgfX1cbiAgICAgICAgICAgICAgICAgICAgICAgIHZhcmlhbnQ9XCJoNlwiXG4gICAgICAgICAgICAgICAgICAgICAgICBhbGlnbj1cImNlbnRlclwiXG4gICAgICAgICAgICAgICAgICAgICAgICBjb2xvcj1cInRleHRQcmltYXJ5XCI+XG4gICAgICAgICAgICAgICAgICAgICAgICB7dmFsdWV9XG4gICAgICAgICAgICAgICAgICAgIDwvVHlwb2dyYXBoeT5cbiAgICAgICAgICAgICAgICApO1xuICAgICAgICAgICAgY2FzZSAncGFyYWdyYXBoJzpcbiAgICAgICAgICAgICAgICByZXR1cm4gKFxuICAgICAgICAgICAgICAgICAgICA8VHlwb2dyYXBoeVxuICAgICAgICAgICAgICAgICAgICAgICAgY29tcG9uZW50PVwicFwiXG4gICAgICAgICAgICAgICAgICAgICAgICBzdHlsZT17eyBwYWRkaW5nQm90dG9tOiAnMXJlbScgfX1cbiAgICAgICAgICAgICAgICAgICAgICAgIGFsaWduPVwianVzdGlmeVwiXG4gICAgICAgICAgICAgICAgICAgICAgICBjb2xvcj1cInRleHRTZWNvbmRhcnlcIj5cbiAgICAgICAgICAgICAgICAgICAgICAgIHt2YWx1ZX1cbiAgICAgICAgICAgICAgICAgICAgPC9UeXBvZ3JhcGh5PlxuICAgICAgICAgICAgICAgICk7XG4gICAgICAgICAgICBjYXNlICdjaGFydCc6XG4gICAgICAgICAgICAgICAgcmV0dXJuIDxDaGFydEdyYXBoaWMgdmFsdWU9e3ZhbHVlfSBpZD17aWR9IC8+O1xuICAgICAgICAgICAgY2FzZSAnaW1hZ2UnOlxuICAgICAgICAgICAgICAgIHJldHVybiAoXG4gICAgICAgICAgICAgICAgICAgIDxJbWFnZUNvbnRhaW5lcj5cbiAgICAgICAgICAgICAgICAgICAgICAgIDxkaXYgY2xhc3NOYW1lPVwiaW1hZ2VcIj5cbiAgICAgICAgICAgICAgICAgICAgICAgICAgICA8aW1nIHNyYz17dmFsdWUudXJsfSBhbHQ9XCJpbWdcIiAvPlxuICAgICAgICAgICAgICAgICAgICAgICAgPC9kaXY+XG4gICAgICAgICAgICAgICAgICAgIDwvSW1hZ2VDb250YWluZXI+XG4gICAgICAgICAgICAgICAgKTtcbiAgICAgICAgICAgIGNhc2UgJ2xpc3QnOlxuICAgICAgICAgICAgICAgIHJldHVybiAoXG4gICAgICAgICAgICAgICAgICAgIDx1bD5cbiAgICAgICAgICAgICAgICAgICAgICAgIHt2YWx1ZS5tYXAoKGl0ZW0sIGtleSkgPT4gKFxuICAgICAgICAgICAgICAgICAgICAgICAgICAgIDxsaSBrZXk9e2tleX0+XG4gICAgICAgICAgICAgICAgICAgICAgICAgICAgICAgIDxUeXBvZ3JhcGh5XG4gICAgICAgICAgICAgICAgICAgICAgICAgICAgICAgICAgICBzdHlsZT17eyBwYWRkaW5nQm90dG9tOiAnMC41cmVtJyB9fVxuICAgICAgICAgICAgICAgICAgICAgICAgICAgICAgICAgICAgY29tcG9uZW50PVwibGlcIlxuICAgICAgICAgICAgICAgICAgICAgICAgICAgICAgICAgICAgY29sb3I9XCJ0ZXh0U2Vjb25kYXJ5XCJcbiAgICAgICAgICAgICAgICAgICAgICAgICAgICAgICAgICAgIGFsaWduPVwianVzdGlmeVwiPlxuICAgICAgICAgICAgICAgICAgICAgICAgICAgICAgICAgICAge2l0ZW19XG4gICAgICAgICAgICAgICAgICAgICAgICAgICAgICAgIDwvVHlwb2dyYXBoeT5cbiAgICAgICAgICAgICAgICAgICAgICAgICAgICA8L2xpPlxuICAgICAgICAgICAgICAgICAgICAgICAgKSl9XG4gICAgICAgICAgICAgICAgICAgIDwvdWw+XG4gICAgICAgICAgICAgICAgKTtcbiAgICAgICAgICAgIGNhc2UgJ3RhYmxlJzpcbiAgICAgICAgICAgICAgICByZXR1cm4gPFRhYmxlR2VuZXJpYyBkYXRhPXt2YWx1ZX0gLz47XG4gICAgICAgICAgICBkZWZhdWx0OlxuICAgICAgICAgICAgICAgIHJldHVybiBudWxsO1xuICAgICAgICB9XG4gICAgfTtcblxuICAgIHJldHVybiAoXG4gICAgICAgIDxCb3hcbiAgICAgICAgICAgIGNzcz17Y3NzYFxuICAgICAgICAgICAgICAgIHdpZHRoOiAxMDAlO1xuICAgICAgICAgICAgICAgIG1pbi13aWR0aDogOTYlO1xuICAgICAgICAgICAgYH0+XG4gICAgICAgICAgICA8ZGl2XG4gICAgICAgICAgICAgICAgY3NzPXtjc3NgXG4gICAgICAgICAgICAgICAgICAgIHdpZHRoOiA4MCU7XG4gICAgICAgICAgICAgICAgICAgIG1hcmdpbjogMCBhdXRvO1xuICAgICAgICAgICAgICAgICAgICBiYWNrZ3JvdW5kLWNvbG9yOiAnYmx1ZSc7XG4gICAgICAgICAgICAgICAgYH0+XG4gICAgICAgICAgICAgICAge2dldEZpZWxkKCl9XG4gICAgICAgICAgICA8L2Rpdj5cbiAgICAgICAgPC9Cb3g+XG4gICAgKTtcbn07XG5cbmV4cG9ydCBkZWZhdWx0IFNlY3Rpb25HZW5lcmljO1xuIl19 */",
        "name": "1x4qkb1-SectionGeneric",
        "styles": "width:80%;margin:0 auto;background-color:'blue';;label:SectionGeneric;",
        "toString": [Function],
      }
    }
  >
    <EmotionCssPropInternal
      __EMOTION_TYPE_PLEASE_DO_NOT_USE__={
        Object {
          "$$typeof": Symbol(react.forward_ref),
          "Naked": Object {
            "$$typeof": Symbol(react.forward_ref),
            "propTypes": Object {
              "align": [Function],
              "children": [Function],
              "className": [Function],
              "classes": [Function],
              "color": [Function],
              "component": [Function],
              "display": [Function],
              "gutterBottom": [Function],
              "noWrap": [Function],
              "paragraph": [Function],
              "variant": [Function],
              "variantMapping": [Function],
            },
            "render": [Function],
          },
          "displayName": "WithStyles(ForwardRef(Typography))",
          "options": Object {
            "defaultTheme": Object {
              "breakpoints": Object {
                "between": [Function],
                "down": [Function],
                "keys": Array [
                  "xs",
                  "sm",
                  "md",
                  "lg",
                  "xl",
                ],
                "only": [Function],
                "up": [Function],
                "values": Object {
                  "lg": 1280,
                  "md": 960,
                  "sm": 600,
                  "xl": 1920,
                  "xs": 0,
                },
                "width": [Function],
              },
              "direction": "ltr",
              "mixins": Object {
                "gutters": [Function],
                "toolbar": Object {
                  "@media (min-width:0px) and (orientation: landscape)": Object {
                    "minHeight": 48,
                  },
                  "@media (min-width:600px)": Object {
                    "minHeight": 64,
                  },
                  "minHeight": 56,
                },
              },
              "overrides": Object {},
              "palette": Object {
                "action": Object {
                  "activatedOpacity": 0.12,
                  "active": "rgba(0, 0, 0, 0.54)",
                  "disabled": "rgba(0, 0, 0, 0.26)",
                  "disabledBackground": "rgba(0, 0, 0, 0.12)",
                  "disabledOpacity": 0.38,
                  "focus": "rgba(0, 0, 0, 0.12)",
                  "focusOpacity": 0.12,
                  "hover": "rgba(0, 0, 0, 0.04)",
                  "hoverOpacity": 0.04,
                  "selected": "rgba(0, 0, 0, 0.08)",
                  "selectedOpacity": 0.08,
                },
                "augmentColor": [Function],
                "background": Object {
                  "default": "#fafafa",
                  "paper": "#fff",
                },
                "common": Object {
                  "black": "#000",
                  "white": "#fff",
                },
                "contrastThreshold": 3,
                "divider": "rgba(0, 0, 0, 0.12)",
                "error": Object {
                  "contrastText": "#fff",
                  "dark": "#d32f2f",
                  "light": "#e57373",
                  "main": "#f44336",
                },
                "getContrastText": [Function],
                "grey": Object {
                  "100": "#f5f5f5",
                  "200": "#eeeeee",
                  "300": "#e0e0e0",
                  "400": "#bdbdbd",
                  "50": "#fafafa",
                  "500": "#9e9e9e",
                  "600": "#757575",
                  "700": "#616161",
                  "800": "#424242",
                  "900": "#212121",
                  "A100": "#d5d5d5",
                  "A200": "#aaaaaa",
                  "A400": "#303030",
                  "A700": "#616161",
                },
                "info": Object {
                  "contrastText": "#fff",
                  "dark": "#1976d2",
                  "light": "#64b5f6",
                  "main": "#2196f3",
                },
                "primary": Object {
                  "contrastText": "#fff",
                  "dark": "#303f9f",
                  "light": "#7986cb",
                  "main": "#3f51b5",
                },
                "secondary": Object {
                  "contrastText": "#fff",
                  "dark": "#c51162",
                  "light": "#ff4081",
                  "main": "#f50057",
                },
                "success": Object {
                  "contrastText": "rgba(0, 0, 0, 0.87)",
                  "dark": "#388e3c",
                  "light": "#81c784",
                  "main": "#4caf50",
                },
                "text": Object {
                  "disabled": "rgba(0, 0, 0, 0.38)",
                  "hint": "rgba(0, 0, 0, 0.38)",
                  "primary": "rgba(0, 0, 0, 0.87)",
                  "secondary": "rgba(0, 0, 0, 0.54)",
                },
                "tonalOffset": 0.2,
                "type": "light",
                "warning": Object {
                  "contrastText": "rgba(0, 0, 0, 0.87)",
                  "dark": "#f57c00",
                  "light": "#ffb74d",
                  "main": "#ff9800",
                },
              },
              "props": Object {},
              "shadows": Array [
                "none",
                "0px 2px 1px -1px rgba(0,0,0,0.2),0px 1px 1px 0px rgba(0,0,0,0.14),0px 1px 3px 0px rgba(0,0,0,0.12)",
                "0px 3px 1px -2px rgba(0,0,0,0.2),0px 2px 2px 0px rgba(0,0,0,0.14),0px 1px 5px 0px rgba(0,0,0,0.12)",
                "0px 3px 3px -2px rgba(0,0,0,0.2),0px 3px 4px 0px rgba(0,0,0,0.14),0px 1px 8px 0px rgba(0,0,0,0.12)",
                "0px 2px 4px -1px rgba(0,0,0,0.2),0px 4px 5px 0px rgba(0,0,0,0.14),0px 1px 10px 0px rgba(0,0,0,0.12)",
                "0px 3px 5px -1px rgba(0,0,0,0.2),0px 5px 8px 0px rgba(0,0,0,0.14),0px 1px 14px 0px rgba(0,0,0,0.12)",
                "0px 3px 5px -1px rgba(0,0,0,0.2),0px 6px 10px 0px rgba(0,0,0,0.14),0px 1px 18px 0px rgba(0,0,0,0.12)",
                "0px 4px 5px -2px rgba(0,0,0,0.2),0px 7px 10px 1px rgba(0,0,0,0.14),0px 2px 16px 1px rgba(0,0,0,0.12)",
                "0px 5px 5px -3px rgba(0,0,0,0.2),0px 8px 10px 1px rgba(0,0,0,0.14),0px 3px 14px 2px rgba(0,0,0,0.12)",
                "0px 5px 6px -3px rgba(0,0,0,0.2),0px 9px 12px 1px rgba(0,0,0,0.14),0px 3px 16px 2px rgba(0,0,0,0.12)",
                "0px 6px 6px -3px rgba(0,0,0,0.2),0px 10px 14px 1px rgba(0,0,0,0.14),0px 4px 18px 3px rgba(0,0,0,0.12)",
                "0px 6px 7px -4px rgba(0,0,0,0.2),0px 11px 15px 1px rgba(0,0,0,0.14),0px 4px 20px 3px rgba(0,0,0,0.12)",
                "0px 7px 8px -4px rgba(0,0,0,0.2),0px 12px 17px 2px rgba(0,0,0,0.14),0px 5px 22px 4px rgba(0,0,0,0.12)",
                "0px 7px 8px -4px rgba(0,0,0,0.2),0px 13px 19px 2px rgba(0,0,0,0.14),0px 5px 24px 4px rgba(0,0,0,0.12)",
                "0px 7px 9px -4px rgba(0,0,0,0.2),0px 14px 21px 2px rgba(0,0,0,0.14),0px 5px 26px 4px rgba(0,0,0,0.12)",
                "0px 8px 9px -5px rgba(0,0,0,0.2),0px 15px 22px 2px rgba(0,0,0,0.14),0px 6px 28px 5px rgba(0,0,0,0.12)",
                "0px 8px 10px -5px rgba(0,0,0,0.2),0px 16px 24px 2px rgba(0,0,0,0.14),0px 6px 30px 5px rgba(0,0,0,0.12)",
                "0px 8px 11px -5px rgba(0,0,0,0.2),0px 17px 26px 2px rgba(0,0,0,0.14),0px 6px 32px 5px rgba(0,0,0,0.12)",
                "0px 9px 11px -5px rgba(0,0,0,0.2),0px 18px 28px 2px rgba(0,0,0,0.14),0px 7px 34px 6px rgba(0,0,0,0.12)",
                "0px 9px 12px -6px rgba(0,0,0,0.2),0px 19px 29px 2px rgba(0,0,0,0.14),0px 7px 36px 6px rgba(0,0,0,0.12)",
                "0px 10px 13px -6px rgba(0,0,0,0.2),0px 20px 31px 3px rgba(0,0,0,0.14),0px 8px 38px 7px rgba(0,0,0,0.12)",
                "0px 10px 13px -6px rgba(0,0,0,0.2),0px 21px 33px 3px rgba(0,0,0,0.14),0px 8px 40px 7px rgba(0,0,0,0.12)",
                "0px 10px 14px -6px rgba(0,0,0,0.2),0px 22px 35px 3px rgba(0,0,0,0.14),0px 8px 42px 7px rgba(0,0,0,0.12)",
                "0px 11px 14px -7px rgba(0,0,0,0.2),0px 23px 36px 3px rgba(0,0,0,0.14),0px 9px 44px 8px rgba(0,0,0,0.12)",
                "0px 11px 15px -7px rgba(0,0,0,0.2),0px 24px 38px 3px rgba(0,0,0,0.14),0px 9px 46px 8px rgba(0,0,0,0.12)",
              ],
              "shape": Object {
                "borderRadius": 4,
              },
              "spacing": [Function],
              "transitions": Object {
                "create": [Function],
                "duration": Object {
                  "complex": 375,
                  "enteringScreen": 225,
                  "leavingScreen": 195,
                  "short": 250,
                  "shorter": 200,
                  "shortest": 150,
                  "standard": 300,
                },
                "easing": Object {
                  "easeIn": "cubic-bezier(0.4, 0, 1, 1)",
                  "easeInOut": "cubic-bezier(0.4, 0, 0.2, 1)",
                  "easeOut": "cubic-bezier(0.0, 0, 0.2, 1)",
                  "sharp": "cubic-bezier(0.4, 0, 0.6, 1)",
                },
                "getAutoHeightDuration": [Function],
              },
              "typography": Object {
                "body1": Object {
                  "fontFamily": "\\"Roboto\\", \\"Helvetica\\", \\"Arial\\", sans-serif",
                  "fontSize": "1rem",
                  "fontWeight": 400,
                  "letterSpacing": "0.00938em",
                  "lineHeight": 1.5,
                },
                "body2": Object {
                  "fontFamily": "\\"Roboto\\", \\"Helvetica\\", \\"Arial\\", sans-serif",
                  "fontSize": "0.875rem",
                  "fontWeight": 400,
                  "letterSpacing": "0.01071em",
                  "lineHeight": 1.43,
                },
                "button": Object {
                  "fontFamily": "\\"Roboto\\", \\"Helvetica\\", \\"Arial\\", sans-serif",
                  "fontSize": "0.875rem",
                  "fontWeight": 500,
                  "letterSpacing": "0.02857em",
                  "lineHeight": 1.75,
                  "textTransform": "uppercase",
                },
                "caption": Object {
                  "fontFamily": "\\"Roboto\\", \\"Helvetica\\", \\"Arial\\", sans-serif",
                  "fontSize": "0.75rem",
                  "fontWeight": 400,
                  "letterSpacing": "0.03333em",
                  "lineHeight": 1.66,
                },
                "fontFamily": "\\"Roboto\\", \\"Helvetica\\", \\"Arial\\", sans-serif",
                "fontSize": 14,
                "fontWeightBold": 700,
                "fontWeightLight": 300,
                "fontWeightMedium": 500,
                "fontWeightRegular": 400,
                "h1": Object {
                  "fontFamily": "\\"Roboto\\", \\"Helvetica\\", \\"Arial\\", sans-serif",
                  "fontSize": "6rem",
                  "fontWeight": 300,
                  "letterSpacing": "-0.01562em",
                  "lineHeight": 1.167,
                },
                "h2": Object {
                  "fontFamily": "\\"Roboto\\", \\"Helvetica\\", \\"Arial\\", sans-serif",
                  "fontSize": "3.75rem",
                  "fontWeight": 300,
                  "letterSpacing": "-0.00833em",
                  "lineHeight": 1.2,
                },
                "h3": Object {
                  "fontFamily": "\\"Roboto\\", \\"Helvetica\\", \\"Arial\\", sans-serif",
                  "fontSize": "3rem",
                  "fontWeight": 400,
                  "letterSpacing": "0em",
                  "lineHeight": 1.167,
                },
                "h4": Object {
                  "fontFamily": "\\"Roboto\\", \\"Helvetica\\", \\"Arial\\", sans-serif",
                  "fontSize": "2.125rem",
                  "fontWeight": 400,
                  "letterSpacing": "0.00735em",
                  "lineHeight": 1.235,
                },
                "h5": Object {
                  "fontFamily": "\\"Roboto\\", \\"Helvetica\\", \\"Arial\\", sans-serif",
                  "fontSize": "1.5rem",
                  "fontWeight": 400,
                  "letterSpacing": "0em",
                  "lineHeight": 1.334,
                },
                "h6": Object {
                  "fontFamily": "\\"Roboto\\", \\"Helvetica\\", \\"Arial\\", sans-serif",
                  "fontSize": "1.25rem",
                  "fontWeight": 500,
                  "letterSpacing": "0.0075em",
                  "lineHeight": 1.6,
                },
                "htmlFontSize": 16,
                "overline": Object {
                  "fontFamily": "\\"Roboto\\", \\"Helvetica\\", \\"Arial\\", sans-serif",
                  "fontSize": "0.75rem",
                  "fontWeight": 400,
                  "letterSpacing": "0.08333em",
                  "lineHeight": 2.66,
                  "textTransform": "uppercase",
                },
                "pxToRem": [Function],
                "round": [Function],
                "subtitle1": Object {
                  "fontFamily": "\\"Roboto\\", \\"Helvetica\\", \\"Arial\\", sans-serif",
                  "fontSize": "1rem",
                  "fontWeight": 400,
                  "letterSpacing": "0.00938em",
                  "lineHeight": 1.75,
                },
                "subtitle2": Object {
                  "fontFamily": "\\"Roboto\\", \\"Helvetica\\", \\"Arial\\", sans-serif",
                  "fontSize": "0.875rem",
                  "fontWeight": 500,
                  "letterSpacing": "0.00714em",
                  "lineHeight": 1.57,
                },
              },
              "zIndex": Object {
                "appBar": 1100,
                "drawer": 1200,
                "mobileStepper": 1000,
                "modal": 1300,
                "snackbar": 1400,
                "speedDial": 1050,
                "tooltip": 1500,
              },
            },
            "name": "MuiTypography",
          },
          "propTypes": Object {
            "classes": [Function],
            "innerRef": [Function],
          },
          "render": [Function],
          "useStyles": [Function],
        }
      }
      align="center"
      color="primary"
      css={
        Object {
          "map": "/*# sourceMappingURL=data:application/json;charset=utf-8;base64,eyJ2ZXJzaW9uIjozLCJzb3VyY2VzIjpbInNlY3Rpb24uanMiXSwibmFtZXMiOltdLCJtYXBwaW5ncyI6IkFBdUNnQyIsImZpbGUiOiJzZWN0aW9uLmpzIiwic291cmNlc0NvbnRlbnQiOlsiLyogZXNsaW50LWRpc2FibGUgcmVhY3QvcHJvcC10eXBlcyAqL1xuaW1wb3J0IFJlYWN0IGZyb20gJ3JlYWN0JztcbmltcG9ydCB7IFR5cG9ncmFwaHksIEJveCB9IGZyb20gJ0BtYXRlcmlhbC11aS9jb3JlJztcbmltcG9ydCBzdHlsZWQgZnJvbSAnQGVtb3Rpb24vc3R5bGVkJztcblxuaW1wb3J0IHsgY3NzIH0gZnJvbSAnQGVtb3Rpb24vY29yZSc7XG5pbXBvcnQgQ2hhcnRHcmFwaGljIGZyb20gJy4vY2hhcnRzR3JhcGhpYyc7XG5pbXBvcnQgVGFibGVHZW5lcmljIGZyb20gJy4vdGFibGUnO1xuXG4vLyBFc3RpbG9zIGRlbCBjYW1wbyBkZSB0aXBvIGltYWdlbiA9PiBJbWFnZUNvbnRhaW5lclxuY29uc3QgSW1hZ2VDb250YWluZXIgPSBzdHlsZWQuZGl2YFxuICAgIHBhZGRpbmc6IDE2cHg7XG4gICAgZ3JpZC10ZW1wbGF0ZS1jb2x1bW5zOiAwcHggYXV0bztcbiAgICBhbGlnbi1pdGVtczogY2VudGVyO1xuICAgIGltZyB7XG4gICAgICAgIG1heC13aWR0aDogMTAwJTtcbiAgICB9XG4gICAgLmltYWdlIHtcbiAgICAgICAgcG9zaXRpb246IHJlbGF0aXZlO1xuICAgICAgICBkaXNwbGF5OiBmbGV4O1xuICAgICAgICBhbGlnbi1pdGVtczogY2VudGVyO1xuICAgICAgICBqdXN0aWZ5LWNvbnRlbnQ6IGNlbnRlcjtcbiAgICB9XG5cbiAgICAuaW1nIHtcbiAgICAgICAgdHJhbnNpdGlvbjogd2lkdGggMC41cyBlYXNlLCBoZWlnaHQgMC41cyBlYXNlO1xuICAgIH1cbmA7XG5cbi8qKlxuICogQ29tcG9uZW50ZSBxdWUgcGVybWl0ZSByZW5kZXJpemFyIGRpZmVyZW50ZXMgY2FtcG9zIGRlcGVuZGllbmRvIGRlbCB0eXBlLlxuICogQHBhcmFtIHt0eXBlOiBzdHJpbmcsIHZhbHVlOiBhbnksIGlkOmFueX0gUHJvcHMgUHJvcGllZGFkZXMgZGVsIGNvbXBvbmVudGUuXG4gKi9cbmNvbnN0IFNlY3Rpb25HZW5lcmljID0gKHsgdHlwZSwgdmFsdWUsIGlkIH0pID0+IHtcbiAgICBjb25zdCBnZXRGaWVsZCA9ICgpID0+IHtcbiAgICAgICAgc3dpdGNoICh0eXBlKSB7XG4gICAgICAgICAgICBjYXNlICd0aXRsZSc6XG4gICAgICAgICAgICAgICAgcmV0dXJuIChcbiAgICAgICAgICAgICAgICAgICAgPFR5cG9ncmFwaHlcbiAgICAgICAgICAgICAgICAgICAgICAgIGNzcz17Y3NzYFxuICAgICAgICAgICAgICAgICAgICAgICAgICAgIEBtZWRpYSAobWF4LXdpZHRoOiA3NjhweCkge1xuICAgICAgICAgICAgICAgICAgICAgICAgICAgICAgICBwYWRkaW5nLXRvcDogMXJlbTtcbiAgICAgICAgICAgICAgICAgICAgICAgICAgICB9XG4gICAgICAgICAgICAgICAgICAgICAgICBgfVxuICAgICAgICAgICAgICAgICAgICAgICAgYWxpZ249XCJjZW50ZXJcIlxuICAgICAgICAgICAgICAgICAgICAgICAgc3R5bGU9e3sgZm9udFdlaWdodDogNzAwLCBwYWRkaW5nQm90dG9tOiAnMXJlbScgfX1cbiAgICAgICAgICAgICAgICAgICAgICAgIHZhcmlhbnQ9XCJoNVwiXG4gICAgICAgICAgICAgICAgICAgICAgICBjb2xvcj1cInByaW1hcnlcIj5cbiAgICAgICAgICAgICAgICAgICAgICAgIHt2YWx1ZX1cbiAgICAgICAgICAgICAgICAgICAgPC9UeXBvZ3JhcGh5PlxuICAgICAgICAgICAgICAgICk7XG4gICAgICAgICAgICBjYXNlICdzdWJ0aXRsZSc6XG4gICAgICAgICAgICAgICAgcmV0dXJuIChcbiAgICAgICAgICAgICAgICAgICAgPFR5cG9ncmFwaHlcbiAgICAgICAgICAgICAgICAgICAgICAgIHN0eWxlPXt7IGZvbnRXZWlnaHQ6IDcwMCwgcGFkZGluZ0JvdHRvbTogJzFyZW0nLCBwYWRkaW5nVG9wOiAnMXJlbScgfX1cbiAgICAgICAgICAgICAgICAgICAgICAgIHZhcmlhbnQ9XCJoNlwiXG4gICAgICAgICAgICAgICAgICAgICAgICBhbGlnbj1cImNlbnRlclwiXG4gICAgICAgICAgICAgICAgICAgICAgICBjb2xvcj1cInRleHRQcmltYXJ5XCI+XG4gICAgICAgICAgICAgICAgICAgICAgICB7dmFsdWV9XG4gICAgICAgICAgICAgICAgICAgIDwvVHlwb2dyYXBoeT5cbiAgICAgICAgICAgICAgICApO1xuICAgICAgICAgICAgY2FzZSAncGFyYWdyYXBoJzpcbiAgICAgICAgICAgICAgICByZXR1cm4gKFxuICAgICAgICAgICAgICAgICAgICA8VHlwb2dyYXBoeVxuICAgICAgICAgICAgICAgICAgICAgICAgY29tcG9uZW50PVwicFwiXG4gICAgICAgICAgICAgICAgICAgICAgICBzdHlsZT17eyBwYWRkaW5nQm90dG9tOiAnMXJlbScgfX1cbiAgICAgICAgICAgICAgICAgICAgICAgIGFsaWduPVwianVzdGlmeVwiXG4gICAgICAgICAgICAgICAgICAgICAgICBjb2xvcj1cInRleHRTZWNvbmRhcnlcIj5cbiAgICAgICAgICAgICAgICAgICAgICAgIHt2YWx1ZX1cbiAgICAgICAgICAgICAgICAgICAgPC9UeXBvZ3JhcGh5PlxuICAgICAgICAgICAgICAgICk7XG4gICAgICAgICAgICBjYXNlICdjaGFydCc6XG4gICAgICAgICAgICAgICAgcmV0dXJuIDxDaGFydEdyYXBoaWMgdmFsdWU9e3ZhbHVlfSBpZD17aWR9IC8+O1xuICAgICAgICAgICAgY2FzZSAnaW1hZ2UnOlxuICAgICAgICAgICAgICAgIHJldHVybiAoXG4gICAgICAgICAgICAgICAgICAgIDxJbWFnZUNvbnRhaW5lcj5cbiAgICAgICAgICAgICAgICAgICAgICAgIDxkaXYgY2xhc3NOYW1lPVwiaW1hZ2VcIj5cbiAgICAgICAgICAgICAgICAgICAgICAgICAgICA8aW1nIHNyYz17dmFsdWUudXJsfSBhbHQ9XCJpbWdcIiAvPlxuICAgICAgICAgICAgICAgICAgICAgICAgPC9kaXY+XG4gICAgICAgICAgICAgICAgICAgIDwvSW1hZ2VDb250YWluZXI+XG4gICAgICAgICAgICAgICAgKTtcbiAgICAgICAgICAgIGNhc2UgJ2xpc3QnOlxuICAgICAgICAgICAgICAgIHJldHVybiAoXG4gICAgICAgICAgICAgICAgICAgIDx1bD5cbiAgICAgICAgICAgICAgICAgICAgICAgIHt2YWx1ZS5tYXAoKGl0ZW0sIGtleSkgPT4gKFxuICAgICAgICAgICAgICAgICAgICAgICAgICAgIDxsaSBrZXk9e2tleX0+XG4gICAgICAgICAgICAgICAgICAgICAgICAgICAgICAgIDxUeXBvZ3JhcGh5XG4gICAgICAgICAgICAgICAgICAgICAgICAgICAgICAgICAgICBzdHlsZT17eyBwYWRkaW5nQm90dG9tOiAnMC41cmVtJyB9fVxuICAgICAgICAgICAgICAgICAgICAgICAgICAgICAgICAgICAgY29tcG9uZW50PVwibGlcIlxuICAgICAgICAgICAgICAgICAgICAgICAgICAgICAgICAgICAgY29sb3I9XCJ0ZXh0U2Vjb25kYXJ5XCJcbiAgICAgICAgICAgICAgICAgICAgICAgICAgICAgICAgICAgIGFsaWduPVwianVzdGlmeVwiPlxuICAgICAgICAgICAgICAgICAgICAgICAgICAgICAgICAgICAge2l0ZW19XG4gICAgICAgICAgICAgICAgICAgICAgICAgICAgICAgIDwvVHlwb2dyYXBoeT5cbiAgICAgICAgICAgICAgICAgICAgICAgICAgICA8L2xpPlxuICAgICAgICAgICAgICAgICAgICAgICAgKSl9XG4gICAgICAgICAgICAgICAgICAgIDwvdWw+XG4gICAgICAgICAgICAgICAgKTtcbiAgICAgICAgICAgIGNhc2UgJ3RhYmxlJzpcbiAgICAgICAgICAgICAgICByZXR1cm4gPFRhYmxlR2VuZXJpYyBkYXRhPXt2YWx1ZX0gLz47XG4gICAgICAgICAgICBkZWZhdWx0OlxuICAgICAgICAgICAgICAgIHJldHVybiBudWxsO1xuICAgICAgICB9XG4gICAgfTtcblxuICAgIHJldHVybiAoXG4gICAgICAgIDxCb3hcbiAgICAgICAgICAgIGNzcz17Y3NzYFxuICAgICAgICAgICAgICAgIHdpZHRoOiAxMDAlO1xuICAgICAgICAgICAgICAgIG1pbi13aWR0aDogOTYlO1xuICAgICAgICAgICAgYH0+XG4gICAgICAgICAgICA8ZGl2XG4gICAgICAgICAgICAgICAgY3NzPXtjc3NgXG4gICAgICAgICAgICAgICAgICAgIHdpZHRoOiA4MCU7XG4gICAgICAgICAgICAgICAgICAgIG1hcmdpbjogMCBhdXRvO1xuICAgICAgICAgICAgICAgICAgICBiYWNrZ3JvdW5kLWNvbG9yOiAnYmx1ZSc7XG4gICAgICAgICAgICAgICAgYH0+XG4gICAgICAgICAgICAgICAge2dldEZpZWxkKCl9XG4gICAgICAgICAgICA8L2Rpdj5cbiAgICAgICAgPC9Cb3g+XG4gICAgKTtcbn07XG5cbmV4cG9ydCBkZWZhdWx0IFNlY3Rpb25HZW5lcmljO1xuIl19 */",
          "name": "y9wiai",
          "styles": "@media (max-width:768px){padding-top:1rem;}",
          "toString": [Function],
        }
      }
      style={
        Object {
          "fontWeight": 700,
          "paddingBottom": "1rem",
        }
      }
      variant="h5"
    >
      titulo de prueba
    </EmotionCssPropInternal>
  </EmotionCssPropInternal>
</EmotionCssPropInternal>
`;
